Reading model...OK. (83 support vectors read)
Classifying test examples..100..200..300..400..500..600..700..800..900..1000..1100..1200..1300..1400..1500..1600..1700..1800..1900..2000..2100..2200..2300..2400..2500..2600..2700..2800..2900..3000..3100..3200..3300..3400..3500..3600..3700..3800..3900..4000..4100..4200..4300..4400..4500..4600..4700..4800..4900..5000..5100..5200..5300..5400..5500..5600..5700..5800..5900..6000..6100..6200..6300..6400..6500..6600..6700..6800..6900..7000..7100..done
Runtime (without IO) in cpu-seconds: 0.00
Accuracy on test set: 98.34% (7069 correct, 119 incorrect, 7188 total)
Precision/recall on test set: 42.25%/87.78%
